layer at (0,0) size 800x600
  LayoutView at (0,0) size 800x600
layer at (0,0) size 800x496
  LayoutBlockFlow {HTML} at (0,0) size 800x496
    LayoutBlockFlow {BODY} at (8,16) size 784x472
      LayoutBlockFlow {P} at (0,0) size 784x40
        LayoutText {#text} at (0,0) size 211x19
          text run at (0,0) width 211: "The word 'PASS' should be seen "
        LayoutInline {EM} at (0,0) size 34x19
          LayoutText {#text} at (210,0) size 34x19
            text run at (210,0) width 34: "twice"
        LayoutText {#text} at (243,0) size 708x39
          text run at (243,0) width 465: " below. They appear together because they are composited, and hence not"
          text run at (0,20) width 75: "fragmented."
layer at (8,72) size 208x416
  LayoutBlockFlow {DIV} at (0,56) size 208x416
    LayoutMultiColumnSet (anonymous) at (0,0) size 208x416
layer at (-240,72) size 456x128 backgroundClip at (0,0) size 800x600 clip at (0,0) size 800x600
  LayoutMultiColumnFlowThread (anonymous) at (0,0) size 456x128
    LayoutBlockFlow (anonymous) at (0,0) size 368x128
      LayoutBR {BR} at (6,0) size 19x0
      LayoutBR {BR} at (38,0) size 19x0
      LayoutBR {BR} at (70,0) size 19x0
      LayoutBR {BR} at (102,0) size 19x0
      LayoutBR {BR} at (134,0) size 19x0
      LayoutBR {BR} at (166,0) size 19x0
      LayoutBR {BR} at (214,0) size 19x0
      LayoutBR {BR} at (246,0) size 19x0
      LayoutBR {BR} at (278,0) size 19x0
      LayoutBR {BR} at (310,0) size 19x0
      LayoutBR {BR} at (342,0) size 19x0
layer at (0,64) size 160x288
  LayoutBlockFlow (positioned) {DIV} at (0,64) size 160x288 [bgcolor=#FFFF00]
layer at (-232,80) size 72x112 backgroundClip at (0,0) size 800x600 clip at (0,0) size 800x600
  LayoutBlockFlow (relative positioned) {DIV} at (376,8) size 72x112
    LayoutText {#text} at (6,0) size 19x38
      text run at (6,0) width 38: "PASS"
    LayoutBR {BR} at (6,37) size 19x1
    LayoutText {#text} at (46,0) size 19x38
      text run at (46,0) width 38: "PASS"
