layer at (0,0) size 800x600
  LayoutView at (0,0) size 800x600
layer at (0,0) size 800x600
  LayoutBlockFlow {HTML} at (0,0) size 800x600
    LayoutBlockFlow {BODY} at (8,8) size 784x576
      LayoutBlockFlow {P} at (0,0) size 784x40
        LayoutText {#text} at (0,0) size 764x39
          text run at (0,0) width 764: "The following is a test for DOM manipulation within <ruby>: Removing a <rt>, forcing a merge with the right neighbour"
          text run at (0,20) width 21: "run"
      LayoutBlockFlow {P} at (0,56) size 784x20
        LayoutText {#text} at (0,0) size 436x19
          text run at (0,0) width 436: "Both lines should look identical (the first line is the one manipulated)."
      LayoutBlockFlow (anonymous) at (0,92) size 784x40
        LayoutBR {BR} at (0,0) size 0x19
        LayoutBR {BR} at (0,20) size 0x19
      LayoutBlockFlow {P} at (0,148) size 784x32
        LayoutText {#text} at (0,12) size 155x19
          text run at (0,12) width 155: "<ruby> is defined in the "
        LayoutRuby (inline) {RUBY} at (0,0) size 118x19
          LayoutRubyRun (anonymous) at (151,12) size 113.83x20
            LayoutRubyText {RT} at (0,-12) size 113.83x12
              LayoutText {#text} at (0,0) size 114x12
                text run at (0,0) width 114: "Hyper-text Markup Language"
            LayoutRubyBase (anonymous) at (0,0) size 113.83x20
              LayoutText {#text} at (33,0) size 23x19
                text run at (33,0) width 23: "HT"
              LayoutText {#text} at (55,0) size 25x19
                text run at (55,0) width 25: "ML"
          LayoutRubyRun (anonymous) at (264.83,12) size 8x20
            LayoutRubyBase (anonymous) at (0,0) size 8x20
              LayoutText {#text} at (0,0) size 8x19
                text run at (0,0) width 8: "5"
        LayoutText {#text} at (272,12) size 37x19
          text run at (272,12) width 37: " spec."
      LayoutBlockFlow {P} at (0,196) size 784x32
        LayoutText {#text} at (0,12) size 155x19
          text run at (0,12) width 155: "<ruby> is defined in the "
        LayoutRuby (inline) {RUBY} at (0,0) size 118x19
          LayoutRubyRun (anonymous) at (151,12) size 113.83x20
            LayoutRubyText {RT} at (0,-12) size 113.83x12
              LayoutText {#text} at (0,0) size 114x12
                text run at (0,0) width 114: "Hyper-text Markup Language"
            LayoutRubyBase (anonymous) at (0,0) size 113.83x20
              LayoutText {#text} at (33,0) size 47x19
                text run at (33,0) width 47: "HTML"
          LayoutRubyRun (anonymous) at (264.83,12) size 8x20
            LayoutRubyBase (anonymous) at (0,0) size 8x20
              LayoutText {#text} at (0,0) size 8x19
                text run at (0,0) width 8: "5"
        LayoutText {#text} at (272,12) size 37x19
          text run at (272,12) width 37: " spec."
