layer at (0,0) size 800x600
  LayoutView at (0,0) size 800x600
layer at (0,0) size 800x600
  LayoutBlockFlow {HTML} at (0,0) size 800x600
    LayoutBlockFlow {BODY} at (8,8) size 784x576
      LayoutBlockFlow {P} at (0,0) size 784x20
        LayoutText {#text} at (0,0) size 574x19
          text run at (0,0) width 574: "The following is a test for DOM manipulation within <ruby>: Inserting a new <rt> element"
      LayoutBlockFlow {P} at (0,36) size 784x20
        LayoutText {#text} at (0,0) size 436x19
          text run at (0,0) width 436: "Both lines should look identical (the first line is the one manipulated)."
      LayoutBlockFlow (anonymous) at (0,72) size 784x40
        LayoutBR {BR} at (0,0) size 0x19
        LayoutBR {BR} at (0,20) size 0x19
      LayoutBlockFlow {P} at (0,128) size 784x32
        LayoutText {#text} at (0,12) size 155x19
          text run at (0,12) width 155: "<ruby> is defined in the "
        LayoutRuby (inline) {RUBY} at (0,0) size 116x19
          LayoutRubyRun (anonymous) at (151,12) size 41.83x20
            LayoutRubyText {RT} at (0,-12) size 41.83x12
              LayoutText {#text} at (0,0) size 43x12
                text run at (0,0) width 43: "Hyper-text"
            LayoutRubyBase (anonymous) at (0,0) size 41.83x20
              LayoutInline {SPAN} at (0,0) size 23x19
                LayoutText {#text} at (9,0) size 23x19
                  text run at (9,0) width 23: "HT"
          LayoutRubyRun (anonymous) at (192.83,12) size 70x20
            LayoutRubyText {RT} at (0,-12) size 70x12
              LayoutText {#text} at (0,0) size 70x12
                text run at (0,0) width 70: "Markup Language"
            LayoutRubyBase (anonymous) at (0,0) size 70x20
              LayoutInline {SPAN} at (0,0) size 24x19
                LayoutText {#text} at (23,0) size 24x19
                  text run at (23,0) width 24: "ML"
          LayoutRubyRun (anonymous) at (262.83,12) size 8x20
            LayoutRubyBase (anonymous) at (0,0) size 8x20
              LayoutText {#text} at (0,0) size 8x19
                text run at (0,0) width 8: "5"
        LayoutText {#text} at (270,12) size 37x19
          text run at (270,12) width 37: " spec."
      LayoutBlockFlow {P} at (0,176) size 784x32
        LayoutText {#text} at (0,12) size 155x19
          text run at (0,12) width 155: "<ruby> is defined in the "
        LayoutRuby (inline) {RUBY} at (0,0) size 116x19
          LayoutRubyRun (anonymous) at (151,12) size 41.83x20
            LayoutRubyText {RT} at (0,-12) size 41.83x12
              LayoutText {#text} at (0,0) size 43x12
                text run at (0,0) width 43: "Hyper-text"
            LayoutRubyBase (anonymous) at (0,0) size 41.83x20
              LayoutInline {SPAN} at (0,0) size 23x19
                LayoutText {#text} at (9,0) size 23x19
                  text run at (9,0) width 23: "HT"
          LayoutRubyRun (anonymous) at (192.83,12) size 70x20
            LayoutRubyText {RT} at (0,-12) size 70x12
              LayoutText {#text} at (0,0) size 70x12
                text run at (0,0) width 70: "Markup Language"
            LayoutRubyBase (anonymous) at (0,0) size 70x20
              LayoutInline {SPAN} at (0,0) size 24x19
                LayoutText {#text} at (23,0) size 24x19
                  text run at (23,0) width 24: "ML"
          LayoutRubyRun (anonymous) at (262.83,12) size 8x20
            LayoutRubyBase (anonymous) at (0,0) size 8x20
              LayoutText {#text} at (0,0) size 8x19
                text run at (0,0) width 8: "5"
        LayoutText {#text} at (270,12) size 37x19
          text run at (270,12) width 37: " spec."
