layer at (0,0) size 800x600
  LayoutView at (0,0) size 800x600
layer at (0,0) size 800x52
  LayoutBlockFlow {html} at (0,0) size 800x52
    LayoutBlockFlow {body} at (8,16) size 784x20
      LayoutBlockFlow {p} at (0,0) size 784x20
        LayoutInline {a} at (0,0) size 382x19 [color=#000080]
          LayoutText {#text} at (0,0) size 44x19
            text run at (0,0) width 44: "Hover "
          LayoutInline {strong} at (0,0) size 30x19
            LayoutText {#text} at (44,0) size 30x19
              text run at (44,0) width 30: "here"
          LayoutText {#text} at (73,0) size 151x19
            text run at (73,0) width 151: " and the background of "
          LayoutInline {span} at (0,0) size 155x19
            LayoutText {#text} at (223,0) size 155x19
              text run at (223,0) width 155: "this text should go green"
          LayoutText {#text} at (377,0) size 5x19
            text run at (377,0) width 5: "."
