layer at (0,0) size 800x600
  LayoutView at (0,0) size 800x600
layer at (0,0) size 800x136
  LayoutBlockFlow {html} at (0,0) size 800x136
    LayoutBlockFlow {body} at (8,8) size 784x112
      LayoutBlockFlow {div} at (0,0) size 784x112
        LayoutBlockFlow (anonymous) at (0,0) size 784x20
          LayoutText {#text} at (0,0) size 192x19
            text run at (0,0) width 192: "This div contains 3 addresses :"
        LayoutBlockFlow {address} at (16,20) size 768x20
          LayoutText {#text} at (0,0) size 251x19
            text run at (0,0) width 251: "A first address with normal background"
        LayoutBlockFlow {address} at (16,56) size 768x20 [bgcolor=#00FF00]
          LayoutText {#text} at (0,0) size 350x19
            text run at (0,0) width 350: "A second address that should have a green background"
        LayoutBlockFlow {address} at (16,92) size 768x20 [bgcolor=#00FF00]
          LayoutText {#text} at (0,0) size 335x19
            text run at (0,0) width 335: "A third address that should have a green background"
