layer at (0,0) size 800x600
  LayoutView at (0,0) size 800x600
layer at (0,0) size 800x144
  LayoutBlockFlow {html} at (0,0) size 800x144
    LayoutBlockFlow {body} at (8,8) size 784x128
      LayoutBlockFlow {div} at (0,0) size 784x128
        LayoutBlockFlow {address} at (16,0) size 768x20
          LayoutText {#text} at (0,0) size 251x19
            text run at (0,0) width 251: "A first address with normal background"
        LayoutBlockFlow {address} at (16,36) size 768x20
          LayoutText {#text} at (0,0) size 271x19
            text run at (0,0) width 271: "A second address with normal background"
        LayoutBlockFlow {address} at (16,72) size 768x20 [bgcolor=#00FF00]
          LayoutText {#text} at (0,0) size 335x19
            text run at (0,0) width 335: "A third address that should have a green background"
        LayoutBlockFlow (anonymous) at (0,108) size 784x20
          LayoutText {#text} at (0,0) size 314x19
            text run at (0,0) width 314: "This div contains 3 addresses above this sentence."
