layer at (0,0) size 800x600
  LayoutView at (0,0) size 800x600
layer at (0,0) size 800x288
  LayoutBlockFlow {HTML} at (0,0) size 800x288
    LayoutBlockFlow {BODY} at (8,16) size 784x264
      LayoutBlockFlow {P} at (0,0) size 784x40
        LayoutText {#text} at (0,0) size 211x19
          text run at (0,0) width 211: "The word 'PASS' should be seen "
        LayoutInline {EM} at (0,0) size 34x19
          LayoutText {#text} at (210,0) size 34x19
            text run at (210,0) width 34: "twice"
        LayoutText {#text} at (243,0) size 784x39
          text run at (243,0) width 541: " below. The second PASS is not overlapping the yellow because it is composited with"
          text run at (0,20) width 249: "the first one, and hence not fragmented."
layer at (8,72) size 272x208
  LayoutBlockFlow {DIV} at (0,56) size 272x208
    LayoutMultiColumnSet (anonymous) at (0,0) size 272x208
layer at (8,72) size 80x456
  LayoutMultiColumnFlowThread (anonymous) at (0,0) size 80x456
    LayoutBlockFlow (anonymous) at (0,0) size 80x368
      LayoutBR {BR} at (0,6) size 0x19
      LayoutBR {BR} at (0,38) size 0x19
      LayoutBR {BR} at (0,70) size 0x19
      LayoutBR {BR} at (0,102) size 0x19
      LayoutBR {BR} at (0,134) size 0x19
      LayoutBR {BR} at (0,166) size 0x19
      LayoutBR {BR} at (0,214) size 0x19
      LayoutBR {BR} at (0,246) size 0x19
      LayoutBR {BR} at (0,278) size 0x19
      LayoutBR {BR} at (0,310) size 0x19
      LayoutBR {BR} at (0,342) size 0x19
layer at (0,72) size 800x128
  LayoutBlockFlow (positioned) {DIV} at (0,72) size 800x128 [bgcolor=#FFFF00]
layer at (16,448) size 64x72 transparent
  LayoutBlockFlow {DIV} at (8,376) size 64x72
    LayoutText {#text} at (0,6) size 38x19
      text run at (0,6) width 38: "PASS"
    LayoutBR {BR} at (37,6) size 1x19
    LayoutText {#text} at (0,46) size 38x19
      text run at (0,46) width 38: "PASS"
