layer at (0,0) size 800x600
  LayoutView at (0,0) size 800x600
layer at (0,0) size 800x600
  LayoutBlockFlow {HTML} at (0,0) size 800x600
    LayoutBlockFlow {BODY} at (8,8) size 784x584
layer at (8,8) size 784x66
  LayoutBlockFlow {DIV} at (0,0) size 784x66
    LayoutMultiColumnSet (anonymous) at (0,0) size 784x66
layer at (8,8) size 384x132
  LayoutMultiColumnFlowThread (anonymous) at (0,0) size 384x132
    LayoutText {#text} at (0,0) size 378x105
      text run at (0,0) width 69: "Filler Text "
      text run at (68,0) width 310: "Filler Text Filler Text Filler Text Filler Text Filler"
      text run at (0,20) width 239: "Text Filler Text Filler Text Filler Text "
      text run at (238,20) width 70: "Filler Text "
      text run at (307,20) width 66: "Filler Text"
      text run at (0,40) width 378: "Filler Text Filler Text Filler Text Filler Text Filler Text Filler"
      text run at (0,66) width 101: "Text Filler Text "
      text run at (100,66) width 70: "Filler Text "
      text run at (169,66) width 204: "Filler Text Filler Text Filler Text"
      text run at (0,86) width 341: "Filler Text Filler Text Filler Text Filler Text Filler Text"
    LayoutText {#text} at (0,0) size 0x0
layer at (10,116) size 154x22 clip at (12,118) size 150x18
  LayoutTextControl (relative positioned) {INPUT} at (2,108) size 154x22 [bgcolor=#FFFFFF] [border: (2px inset #EEEEEE)]
layer at (12,119) size 150x16 backgroundClip at (0,0) size 0x0 clip at (0,0) size 0x0
  LayoutBlockFlow {DIV} at (2,3) size 150x16
    LayoutText {#text} at (0,0) size 42x16
      text run at (0,0) width 42: "Testing"
caret: position 7 of child 0 {#text} of child 0 {DIV} of {#document-fragment} of child 1 {INPUT} of child 1 {DIV} of body
