layer at (0,0) size 800x600
  LayoutView at (0,0) size 800x600
layer at (0,0) size 800x105
  LayoutBlockFlow {html} at (0,0) size 800x105
    LayoutInline {body} at (0,0) size 226x19
      LayoutText {#text} at (0,0) size 0x0
      LayoutInline {h1} at (0,0) size 54x19
        LayoutText {#text} at (0,85) size 54x19
          text run at (0,85) width 54: "Test 123"
      LayoutText {#text} at (53,85) size 5x19
        text run at (53,85) width 5: " "
      LayoutSVGRoot {svg} at (57.88,0) size 100x100
        LayoutSVGText {text} at (0,-15) size 191.39x19 contains 1 chunk(s)
          LayoutSVGInlineText {#text} at (0,-15) size 191.39x19
            chunk 1 text run 1 at (0.00,0.00) startOffset 0 endOffset 29 width 191.40: "You should see an error above"
        LayoutSVGRect {rect} at (0,0) size 100x100 [fill={[type=SOLID] [color=#008000]}] [x=0.00] [y=0.00] [width=100.00] [height=100.00]
      LayoutText {#text} at (157,85) size 5x19
        text run at (157,85) width 5: " "
      LayoutInline {h1} at (0,0) size 65x19
        LayoutText {#text} at (161,85) size 65x19
          text run at (161,85) width 65: "Test ABC"
      LayoutText {#text} at (0,0) size 0x0
    LayoutText {#text} at (0,0) size 0x0
