layer at (0,0) size 800x600
  LayoutView at (0,0) size 800x600
layer at (0,0) size 800x600
  LayoutBlockFlow {HTML} at (0,0) size 800x600
    LayoutBlockFlow {BODY} at (8,8) size 784x584
      LayoutBlockFlow {DIV} at (0,0) size 784x20
        LayoutText {#text} at (0,0) size 52x19
          text run at (0,0) width 52: "Test for "
        LayoutInline {A} at (0,0) size 121x19 [color=#0000EE]
          LayoutText {#text} at (51,0) size 121x19
            text run at (51,0) width 121: "Bugzilla Bug 7724"
        LayoutText {#text} at (171,0) size 476x19
          text run at (171,0) width 476: " Minor refactoring to HTMLParser::handleError() to remove duplicate code"
      LayoutBlockFlow {DT} at (0,20) size 784x20
        LayoutText {#text} at (0,0) size 21x19
          text run at (0,0) width 21: "dttr"
