layer at (0,0) size 800x600
  LayoutView at (0,0) size 800x600
layer at (0,0) size 800x600
  LayoutBlockFlow {HTML} at (0,0) size 800x600
    LayoutBlockFlow {BODY} at (8,8) size 784x584
      LayoutButton {BUTTON} at (0,0) size 82.53x22 [bgcolor=#C0C0C0] [border: (2px outset #C0C0C0)]
        LayoutBlockFlow (anonymous) at (8,3) size 66.53x16
          LayoutText {#text} at (0,0) size 67x16
            text run at (0,0) width 67: "Test Button"
      LayoutText {#text} at (82,1) size 5x19
        text run at (82,1) width 5: " "
      LayoutButton {BUTTON} at (86.53,0) size 82.53x22 [color=#FF0000] [bgcolor=#C0C0C0] [border: (2px outset #C0C0C0)]
        LayoutBlockFlow (anonymous) at (8,3) size 66.53x16
          LayoutText {#text} at (0,0) size 67x16
            text run at (0,0) width 67: "Test Button"
      LayoutText {#text} at (169,1) size 5x19
        text run at (169,1) width 5: " "
      LayoutButton {BUTTON} at (173.06,0) size 82.53x22 [bgcolor=#008000] [border: (2px outset #C0C0C0)]
        LayoutBlockFlow (anonymous) at (8,3) size 66.53x16
          LayoutText {#text} at (0,0) size 67x16
            text run at (0,0) width 67: "Test Button"
      LayoutText {#text} at (255,1) size 5x19
        text run at (255,1) width 5: " "
      LayoutButton {BUTTON} at (259.59,0) size 82.53x22 [color=#FF0000] [bgcolor=#008000] [border: (2px outset #C0C0C0)]
        LayoutBlockFlow (anonymous) at (8,3) size 66.53x16
          LayoutText {#text} at (0,0) size 67x16
            text run at (0,0) width 67: "Test Button"
      LayoutText {#text} at (342,1) size 5x19
        text run at (342,1) width 5: " "
      LayoutButton {INPUT} at (346.13,0) size 82.53x22 [bgcolor=#C0C0C0] [border: (2px outset #C0C0C0)]
        LayoutBlockFlow (anonymous) at (8,3) size 66.53x16
          LayoutText {#text} at (0,0) size 67x16
            text run at (0,0) width 67: "Test Button"
      LayoutText {#text} at (428,1) size 5x19
        text run at (428,1) width 5: " "
      LayoutButton {INPUT} at (432.66,0) size 82.53x22 [color=#FF0000] [bgcolor=#C0C0C0] [border: (2px outset #C0C0C0)]
        LayoutBlockFlow (anonymous) at (8,3) size 66.53x16
          LayoutText {#text} at (0,0) size 67x16
            text run at (0,0) width 67: "Test Button"
      LayoutText {#text} at (515,1) size 5x19
        text run at (515,1) width 5: " "
      LayoutButton {INPUT} at (519.19,0) size 82.53x22 [bgcolor=#008000] [border: (2px outset #C0C0C0)]
        LayoutBlockFlow (anonymous) at (8,3) size 66.53x16
          LayoutText {#text} at (0,0) size 67x16
            text run at (0,0) width 67: "Test Button"
      LayoutText {#text} at (601,1) size 5x19
        text run at (601,1) width 5: " "
      LayoutButton {INPUT} at (605.72,0) size 82.53x22 [color=#FF0000] [bgcolor=#008000] [border: (2px outset #C0C0C0)]
        LayoutBlockFlow (anonymous) at (8,3) size 66.53x16
          LayoutText {#text} at (0,0) size 67x16
            text run at (0,0) width 67: "Test Button"
      LayoutText {#text} at (0,0) size 0x0
