layer at (0,0) size 800x600
  LayoutView at (0,0) size 800x600
layer at (0,0) size 800x600
  LayoutBlockFlow {HTML} at (0,0) size 800x600
    LayoutBlockFlow {BODY} at (8,8) size 784x584
      LayoutBlockFlow {P} at (0,0) size 784x40
        LayoutText {#text} at (0,0) size 779x39
          text run at (0,0) width 414: "This tests deleting a selection that ends inside an empty table cell. "
          text run at (414,0) width 365: "No merging should happen, only editable selected content"
          text run at (0,20) width 124: "should be removed."
      LayoutBlockFlow {DIV} at (0,56) size 784x60
        LayoutTable {TABLE} at (0,0) size 16x30 [border: (1px outset #808080)]
          LayoutTableSection {TBODY} at (1,1) size 14x28
            LayoutTableRow {TR} at (0,2) size 14x24
              LayoutTableCell {TD} at (2,2) size 4x24 [border: (1px inset #808080)] [r=0 c=0 rs=1 cs=1]
              LayoutTableCell {TD} at (8,2) size 4x24 [border: (1px inset #808080)] [r=0 c=1 rs=1 cs=1]
                LayoutBR {BR} at (2,2) size 0x19
        LayoutTable {TABLE} at (0,30) size 351x30 [border: (1px outset #808080)]
          LayoutTableSection {TBODY} at (1,1) size 349x28
            LayoutTableRow {TR} at (0,2) size 349x24
              LayoutTableCell {TD} at (2,2) size 4x24 [border: (1px inset #808080)] [r=0 c=0 rs=1 cs=1]
              LayoutTableCell {TD} at (8,2) size 339x24 [border: (1px inset #808080)] [r=0 c=1 rs=1 cs=1]
                LayoutText {#text} at (2,2) size 335x19
                  text run at (2,2) width 335: "There should be one empty cell to the left of this one."
caret: position 0 of child 0 {BR} of child 3 {TD} of child 0 {TR} of child 0 {TBODY} of child 1 {TABLE} of child 3 {DIV} of body
