layer at (0,0) size 800x600
  LayoutView at (0,0) size 800x600
layer at (0,0) size 800x600
  LayoutBlockFlow {HTML} at (0,0) size 800x600
    LayoutBlockFlow {BODY} at (8,8) size 784x579
      LayoutBlockFlow {P} at (0,0) size 784x40
        LayoutText {#text} at (0,0) size 743x39
          text run at (0,0) width 364: "This test places the caret before the 'b' in 'bar' and Delete. "
          text run at (364,0) width 379: "Afterword, 'foobar' should be in the first paragraph and 'baz'"
          text run at (0,20) width 152: "should be in the second."
      LayoutBlockFlow {DIV} at (0,56) size 784x49
        LayoutBlockFlow {DIV} at (0,0) size 784x20
          LayoutText {#text} at (0,0) size 41x19
            text run at (0,0) width 41: "foobar"
        LayoutBlockFlow {PRE} at (0,33) size 784x16
          LayoutText {#text} at (0,0) size 24x16
            text run at (0,0) width 24: "baz"
caret: position 3 of child 0 {#text} of child 1 {DIV} of child 2 {DIV} of body
