layer at (0,0) size 800x600
  LayoutView at (0,0) size 800x600
layer at (0,0) size 800x600
  LayoutBlockFlow {HTML} at (0,0) size 800x600
    LayoutBlockFlow {BODY} at (8,8) size 784x576
      LayoutBlockFlow {P} at (0,0) size 784x40
        LayoutText {#text} at (0,0) size 52x19
          text run at (0,0) width 52: "Test for "
        LayoutInline {I} at (0,0) size 726x39
          LayoutInline {A} at (0,0) size 301x19 [color=#0000EE]
            LayoutText {#text} at (51,0) size 301x19
              text run at (51,0) width 301: "http://bugs.webkit.org/show_bug.cgi?id=14911"
          LayoutText {#text} at (351,0) size 726x39
            text run at (351,0) width 5: " "
            text run at (355,0) width 371: "REGRESSION: Clicking in pasted text doesn't position the"
            text run at (0,20) width 151: "insertion point correctly"
        LayoutText {#text} at (150,20) size 5x19
          text run at (150,20) width 5: "."
      LayoutBlockFlow {P} at (0,56) size 784x20
        LayoutText {#text} at (0,0) size 557x19
          text run at (0,0) width 527: "You should be able to select individual letters in \x{201C}ipsum\x{201D} by dragging in the yellow "
          text run at (526,0) width 31: "area "
        LayoutInline {EM} at (0,0) size 39x19
          LayoutText {#text} at (556,0) size 39x19
            text run at (556,0) width 39: "above"
        LayoutText {#text} at (594,0) size 40x19
          text run at (594,0) width 40: " them."
      LayoutBlockFlow (floating) {DIV} at (0,92) size 84x80 [bgcolor=#FFFFAA]
        LayoutInline {SPAN} at (0,0) size 84x19 [bgcolor=#FFFFFF]
          LayoutText {#text} at (0,30) size 46x19
            text run at (0,30) width 46: "Lorem "
          LayoutText {#text} at (46,30) size 38x19
            text run at (46,30) width 38: "ipsum"
        LayoutText {#text} at (0,0) size 0x0
selection start: position 2 of child 0 {#text} of child 1 {SPAN} of child 4 {DIV} of body
selection end:   position 5 of child 2 {#text} of child 1 {SPAN} of child 4 {DIV} of body
