layer at (0,0) size 800x600
  LayoutView at (0,0) size 800x600
layer at (0,0) size 800x600
  LayoutBlockFlow {HTML} at (0,0) size 800x600
    LayoutBlockFlow {BODY} at (8,8) size 784x584
      LayoutBlockFlow {P} at (0,0) size 784x40
        LayoutText {#text} at (0,0) size 776x39
          text run at (0,0) width 776: "This test ensures selection that crosses the shadow DOM boundary of a readonly input element cannot be made by a mouse"
          text run at (0,20) width 32: "drag."
      LayoutBlockFlow {P} at (0,56) size 784x40
        LayoutText {#text} at (0,0) size 783x39
          text run at (0,0) width 783: "To manually test, select text by a mouse drag starting in \"WebKit\" and ending in \"hello\". Selection should extend only in the"
          text run at (0,20) width 239: "input element that contains \"WebKit\"."
      LayoutBlockFlow {DIV} at (0,112) size 784x25
        LayoutTextControl {INPUT} at (0,0) size 63x25 [bgcolor=#FFFFFF] [border: (2px inset #EEEEEE)]
        LayoutText {#text} at (63,3) size 4x19
          text run at (63,3) width 4: " "
        LayoutInline {SPAN} at (0,0) size 37x19
          LayoutText {#text} at (67,3) size 37x19
            text run at (67,3) width 37: "world"
        LayoutText {#text} at (104,3) size 4x19
          text run at (104,3) width 4: " "
        LayoutTextControl {INPUT} at (108,0) size 63x25 [bgcolor=#FFFFFF] [border: (2px inset #EEEEEE)]
        LayoutText {#text} at (0,0) size 0x0
layer at (10,123) size 59x19
  LayoutBlockFlow {DIV} at (2,3) size 59x19
    LayoutText {#text} at (0,0) size 35x18
      text run at (0,0) width 35: "hello"
layer at (118,123) size 59x19
  LayoutBlockFlow {DIV} at (2,3) size 59x19
    LayoutText {#text} at (0,0) size 52x18
      text run at (0,0) width 52: "WebKit"
selection start: position 0 of child 0 {#text} of child 0 {DIV} of {#document-fragment} of child 5 {INPUT} of child 5 {DIV} of body
selection end:   position 3 of child 0 {#text} of child 0 {DIV} of {#document-fragment} of child 5 {INPUT} of child 5 {DIV} of body
