layer at (0,0) size 800x600
  LayoutView at (0,0) size 800x600
layer at (0,0) size 800x355
  LayoutBlockFlow {HTML} at (0,0) size 800x355
    LayoutBlockFlow {BODY} at (8,16) size 784x331
      LayoutBlockFlow {P} at (0,0) size 784x40
        LayoutText {#text} at (0,0) size 52x19
          text run at (0,0) width 52: "Test for "
        LayoutInline {A} at (0,0) size 306x19 [color=#0000EE]
          LayoutText {#text} at (51,0) size 306x19
            text run at (51,0) width 306: "https://bugs.webkit.org/show_bug.cgi?id=34966"
        LayoutText {#text} at (356,0) size 9x19
          text run at (356,0) width 9: ". "
        LayoutBR {BR} at (364,0) size 1x19
        LayoutText {#text} at (0,20) size 205x19
          text run at (0,20) width 205: "You should see the video below."
      LayoutBlockFlow (anonymous) at (0,56) size 784x275
        LayoutText {#text} at (0,0) size 0x0
layer at (8,72) size 480x270
  LayoutVideo {VIDEO} at (0,0) size 480x270
layer at (8,72) size 480x270
  LayoutFlexibleBox (relative positioned) {DIV} at (0,0) size 480x270
    LayoutBlockFlow {DIV} at (0,238) size 480x32
layer at (8,72) size 480x228
  LayoutFlexibleBox (relative positioned) {DIV} at (0,0) size 480x228
